python : 2026-04-03 
00:59:53.140209: I tensorf
low/core/util/port.cc:153]
 oneDNN custom operations 
are on. You may see 
slightly different 
numerical results due to 
floating-point round-off 
errors from different 
computation orders. To 
turn them off, set the 
environment variable 
`TF_ENABLE_ONEDNN_OPTS=0`.
At line:1 char:1
+ python -W ignore -u 
"d:\Python Projects\AI-ML\
paytm-pppo\Edge-pay\tes 
...
+ ~~~~~~~~~~~~~~~~~~~~~~~~
~~~~~~~~~~~~~~~~~~~~~~~~~~
~~~~~~~~~~~~~~~~~~~
    + CategoryInfo        
      : NotSpecified: (2  
  026-04-03 00:5...ONED   
 NN_OPTS=0`.:String) [    
], RemoteException
    + FullyQualifiedError 
   Id : NativeCommandErr  
  or
 
2026-04-03 
00:59:53.971383: I tensorf
low/core/util/port.cc:153]
 oneDNN custom operations 
are on. You may see 
slightly different 
numerical results due to 
floating-point round-off 
errors from different 
computation orders. To 
turn them off, set the 
environment variable 
`TF_ENABLE_ONEDNN_OPTS=0`.
Traceback (most recent 
call last):
  File "d:\Python Projects
\AI-ML\paytm-pppo\Edge-pay
\test_script.py", line 
278, in <module>
    main()
  File "d:\Python Projects
\AI-ML\paytm-pppo\Edge-pay
\test_script.py", line 
219, in main
    print("\n" + "\u2588" 
* 60)
  File "C:\Users\Aaryaman 
Bisht\AppData\Local\Progra
ms\Python\Python312\Lib\en
codings\cp1252.py", line 
19, in encode
    return codecs.charmap_
encode(input,self.errors,e
ncoding_table)[0]
           ^^^^^^^^^^^^^^^
^^^^^^^^^^^^^^^^^^^^^^^^^^
^^^^^^^^^^^^^^
UnicodeEncodeError: 
'charmap' codec can't 
encode characters in 
position 2-61: character 
maps to <undefined>
